当前日期: 2020/05/15 周五
当前时间: 19:20:14.41
OS 版本:          10.0.18362 暂缺 Build 18362

主机名:           LAPTOP-HMOVELKH
OS 名称:          Microsoft Windows 10 家庭中文版
OS 版本:          10.0.18362 暂缺 Build 18362
OS 制造商:        Microsoft Corporation
OS 配置:          独立工作站
OS 构建类型:      Multiprocessor Free
注册的所有人:     Windows 用户
注册的组织:
产品 ID:          00342-30262-00002-AAOEM
初始安装日期:     2019/10/28, 8:56:45
系统启动时间:     2020/5/14, 0:18:56
系统制造商:       LENOVO
系统型号:         20HNA03BCD
系统类型:         x64-based PC
处理器:           安装了 1 个处理器。
                  [01]: Intel64 Family 6 Model 142 Stepping 9 GenuineIntel ~2511 Mhz
BIOS 版本:        LENOVO R0IET60W (1.38 ), 2019/12/19
Windows 目录:     C:\WINDOWS
系统目录:         C:\WINDOWS\system32
启动设备:         \Device\HarddiskVolume4
系统区域设置:     zh-cn;中文(中国)
输入法区域设置:   zh-cn;中文(中国)
时区:             (UTC+08:00) 北京，重庆，香港特别行政区，乌鲁木齐
物理内存总量:     8,048 MB
可用的物理内存:   3,572 MB
虚拟内存: 最大值: 9,328 MB
虚拟内存: 可用:   2,742 MB
虚拟内存: 使用中: 6,586 MB
页面文件位置:     C:\pagefile.sys
域:               WORKGROUP
登录服务器:       \\LAPTOP-HMOVELKH
修补程序:         安装了 10 个修补程序。
                  [01]: KB4552931
                  [02]: KB4516115
                  [03]: KB4521863
                  [04]: KB4524569
                  [05]: KB4528759
                  [06]: KB4537759
                  [07]: KB4538674
                  [08]: KB4541338
                  [09]: KB4552152
                  [10]: KB4556799
网卡:             安装了 5 个 NIC。
                  [01]: VMware Virtual Ethernet Adapter for VMnet1
                      连接名:      VMware Network Adapter VMnet1
                      启用 DHCP:   是
                      DHCP 服务器: 192.168.77.254
                      IP 地址
                        [01]: 192.168.77.1
                        [02]: fe80::9888:ac24:5a7d:248
                  [02]: VMware Virtual Ethernet Adapter for VMnet8
                      连接名:      VMware Network Adapter VMnet8
                      启用 DHCP:   是
                      DHCP 服务器: 192.168.140.254
                      IP 地址
                        [01]: 192.168.140.1
                        [02]: fe80::603b:1e14:4f3:ec62
                  [03]: Intel(R) Ethernet Connection (4) I219-V
                      连接名:      以太网
                      状态:        媒体连接已中断
                  [04]: Intel(R) Dual Band Wireless-AC 8265
                      连接名:      WLAN
                      启用 DHCP:   是
                      DHCP 服务器: 192.168.1.1
                      IP 地址
                        [01]: 192.168.1.4
                        [02]: fe80::ed01:3476:33e8:c1b9
                        [03]: 2409:8a34:2e2c:cca0:d1b9:60df:12c0:31d8
                        [04]: 2409:8a34:2e2c:cca0:b9ac:2b05:d13c:7bad
                        [05]: 2409:8a34:2e2c:cca0:ed01:3476:33e8:c1b9
                  [05]: Sangfor SSL VPN CS Support System VNIC
                      连接名:      以太网 3
                      状态:        媒体连接已中断



Sysinternals Autoruns v13.96 - Autostart program viewer
Copyright (C) 2002-2019 Mark Russinovich
Sysinternals - www.sysinternals.com


HKLM\System\CurrentControlSet\Control\Terminal Server\Wds\rdpwd\StartupPrograms
   rdpclip
     rdpclip
     RDP 剪贴板监视程序
     Microsoft Corporation
     10.0.18362.836
     c:\windows\system32\rdpclip.exe
     1982/1/24 9:45

HKLM\SOFTWARE\Microsoft\Windows NT\CurrentVersion\Winlogon\Userinit
   C:\Windows\system32\userinit.exe
     C:\Windows\system32\userinit.exe
     Userinit 登录应用程序
     Microsoft Corporation
     10.0.18362.1
     c:\windows\system32\userinit.exe
     1940/8/17 19:07

HKLM\SOFTWARE\Microsoft\Windows NT\CurrentVersion\Winlogon\VmApplet
   SystemPropertiesPerformance.exe
     SystemPropertiesPerformance.exe
     更改计算机性能设置
     Microsoft Corporation
     10.0.18362.1
     c:\windows\system32\systempropertiesperformance.exe
     1969/7/2 16:26

HKLM\SOFTWARE\Microsoft\Windows NT\CurrentVersion\Winlogon\Shell
   explorer.exe
     explorer.exe
     Windows 资源管理器
     Microsoft Corporation
     10.0.18362.815
     c:\windows\explorer.exe
     2013/2/11 10:51

HKLM\SYSTEM\CurrentControlSet\Control\SafeBoot\AlternateShell
   cmd.exe
     cmd.exe
     Windows 命令处理程序
     Microsoft Corporation
     10.0.18362.449
     c:\windows\system32\cmd.exe
     1914/12/28 14:19

HKLM\SOFTWARE\Microsoft\Windows\CurrentVersion\Run
   SecurityHealth
     %windir%\system32\SecurityHealthSystray.exe
     Windows Security notification icon
     Microsoft Corporation
     10.0.18362.628
     c:\windows\system32\securityhealthsystray.exe
     2032/12/4 8:10

HKLM\SOFTWARE\Wow6432Node\Microsoft\Windows\CurrentVersion\Run
   kxesc
     "c:\program files (x86)\kingsoft\kingsoft antivirus\kxetray.exe" -autorun
     File not found: c:\program files (x86)\kingsoft\kingsoft antivirus\kxetray.exe

   vmware-tray.exe
     "E:\应用\新建文件夹\vmware-tray.exe"
     VMware Tray Process
     VMware, Inc.
     15.0.2.40550
     e:\应用\新建文件夹\vmware-tray.exe
     2018/11/21 17:29

HKLM\SOFTWARE\Microsoft\Active Setup\Installed Components
   Microsoft Windows Media Player
     %SystemRoot%\system32\unregmp2.exe /ShowWMP
     Microsoft Windows Media Player 安装实用程序
     Microsoft Corporation
     12.0.18362.1
     c:\windows\system32\unregmp2.exe
     1905/1/19 16:25
   Themes Setup
     themeui.dll
     Windows 主题 API
     Microsoft Corporation
     10.0.18362.1
     c:\windows\system32\themeui.dll
     2004/6/4 0:28
   Microsoft Windows Media Player
     %SystemRoot%\system32\unregmp2.exe /FirstLogon
     Microsoft Windows Media Player 安装实用程序
     Microsoft Corporation
     12.0.18362.1
     c:\windows\system32\unregmp2.exe
     1905/1/19 16:25
   Windows Desktop Update
     shell32.dll
     Windows Shell 公用 DLL
     Microsoft Corporation
     10.0.18362.815
     c:\windows\system32\shell32.dll
     2006/12/2 20:54
   Web Platform Customizations
     C:\Windows\System32\ie4uinit.exe -UserConfig
     IE 每用户初始化工具
     Microsoft Corporation
     11.0.18362.628
     c:\windows\system32\ie4uinit.exe
     1912/12/24 7:59
   n/a
     C:\Windows\System32\Rundll32.exe C:\Windows\System32\mscories.dll,Install
     Microsoft .NET IE SECURITY REGISTRATION
     Microsoft Corporation
     2.0.50727.9136
     c:\windows\system32\mscories.dll
     2019/3/4 20:54
   Google Chrome
     "C:\Program Files (x86)\Google\Chrome\Application\81.0.4044.138\Installer\chrmstp.exe" --configure-user-settings --verbose-logging --system-level
     Google Chrome Installer
     Google LLC
     81.0.4044.138
     c:\program files (x86)\google\chrome\application\81.0.4044.138\installer\chrmstp.exe
     2020/5/2 5:41

HKLM\SOFTWARE\Wow6432Node\Microsoft\Active Setup\Installed Components
   Microsoft Windows Media Player
     %SystemRoot%\system32\unregmp2.exe /ShowWMP
     Microsoft Windows Media Player Setup Utility
     Microsoft Corporation
     12.0.18362.1
     c:\windows\syswow64\unregmp2.exe
     1982/6/14 6:30
   Microsoft Windows Media Player
     %SystemRoot%\system32\unregmp2.exe /FirstLogon
     Microsoft Windows Media Player Setup Utility
     Microsoft Corporation
     12.0.18362.1
     c:\windows\syswow64\unregmp2.exe
     1982/6/14 6:30
   n/a
     C:\Windows\SysWOW64\Rundll32.exe C:\Windows\SysWOW64\mscories.dll,Install
     Microsoft .NET IE SECURITY REGISTRATION
     Microsoft Corporation
     2.0.50727.9136
     c:\windows\syswow64\mscories.dll
     2019/3/5 2:12

HKLM\Software\Microsoft\Windows NT\CurrentVersion\Windows\IconServiceLib
   IconCodecService.dll
     IconCodecService.dll
     Converts a PNG part of the icon to a legacy bmp icon
     Microsoft Corporation
     10.0.18362.1
     c:\windows\system32\iconcodecservice.dll
     1943/11/28 10:47

HKCU\SOFTWARE\Microsoft\Windows\CurrentVersion\Run
   OneDrive
     "C:\Users\wuqiy\AppData\Local\Microsoft\OneDrive\OneDrive.exe" /background
     Microsoft OneDrive
     Microsoft Corporation
     20.52.311.11
     c:\users\wuqiy\appdata\local\microsoft\onedrive\onedrive.exe
     1913/8/18 21:49
   QQ2009
     "C:\Program Files (x86)\Tencent\QQ\Bin\QQ.exe" /background
     腾讯QQ
     Tencent
     9.2.3.26683
     c:\program files (x86)\tencent\qq\bin\qq.exe
     2020/2/25 19:40





===========================================================================
接口列表
 20...54 e1 ad a0 30 5f ......Intel(R) Ethernet Connection (4) I219-V
 23...00 ff f0 65 c8 62 ......Sangfor SSL VPN CS Support System VNIC
  2...28 c6 3f 90 6d 94 ......Microsoft Wi-Fi Direct Virtual Adapter
  5...00 50 56 c0 00 01 ......VMware Virtual Ethernet Adapter for VMnet1
 11...00 50 56 c0 00 08 ......VMware Virtual Ethernet Adapter for VMnet8
 22...28 c6 3f 90 6d 93 ......Intel(R) Dual Band Wireless-AC 8265
  1...........................Software Loopback Interface 1
===========================================================================

IPv4 路由表
===========================================================================
活动路由:
网络目标        网络掩码          网关       接口   跃点数
          0.0.0.0          0.0.0.0      192.168.1.1      192.168.1.4     50
        127.0.0.0        255.0.0.0            在链路上         127.0.0.1    331
        127.0.0.1  255.255.255.255            在链路上         127.0.0.1    331
  127.255.255.255  255.255.255.255            在链路上         127.0.0.1    331
      192.168.1.0    255.255.255.0            在链路上       192.168.1.4    306
      192.168.1.4  255.255.255.255            在链路上       192.168.1.4    306
    192.168.1.255  255.255.255.255            在链路上       192.168.1.4    306
     192.168.77.0    255.255.255.0            在链路上      192.168.77.1    291
     192.168.77.1  255.255.255.255            在链路上      192.168.77.1    291
   192.168.77.255  255.255.255.255            在链路上      192.168.77.1    291
    192.168.140.0    255.255.255.0            在链路上     192.168.140.1    291
    192.168.140.1  255.255.255.255            在链路上     192.168.140.1    291
  192.168.140.255  255.255.255.255            在链路上     192.168.140.1    291
        224.0.0.0        240.0.0.0            在链路上         127.0.0.1    331
        224.0.0.0        240.0.0.0            在链路上       192.168.1.4    306
        224.0.0.0        240.0.0.0            在链路上      192.168.77.1    291
        224.0.0.0        240.0.0.0            在链路上     192.168.140.1    291
  255.255.255.255  255.255.255.255            在链路上         127.0.0.1    331
  255.255.255.255  255.255.255.255            在链路上       192.168.1.4    306
  255.255.255.255  255.255.255.255            在链路上      192.168.77.1    291
  255.255.255.255  255.255.255.255            在链路上     192.168.140.1    291
===========================================================================
永久路由:
  无

IPv6 路由表
===========================================================================
活动路由:
 接口跃点数网络目标                网关
 22   4146 ::/0                     fe80::1
  1    331 ::1/128                  在链路上
 22   4146 2409:8a34:2e2c:cca0::/64 在链路上
 22    306 2409:8a34:2e2c:cca0:b9ac:2b05:d13c:7bad/128
                                    在链路上
 22    306 2409:8a34:2e2c:cca0:d1b9:60df:12c0:31d8/128
                                    在链路上
 22    306 2409:8a34:2e2c:cca0:ed01:3476:33e8:c1b9/128
                                    在链路上
 22    306 fe80::/64                在链路上
  5    291 fe80::/64                在链路上
 11    291 fe80::/64                在链路上
 11    291 fe80::603b:1e14:4f3:ec62/128
                                    在链路上
  5    291 fe80::9888:ac24:5a7d:248/128
                                    在链路上
 22    306 fe80::ed01:3476:33e8:c1b9/128
                                    在链路上
  1    331 ff00::/8                 在链路上
 22    306 ff00::/8                 在链路上
  5    291 ff00::/8                 在链路上
 11    291 ff00::/8                 在链路上
===========================================================================
永久路由:
  无





接口: 192.168.77.1 --- 0x5
  Internet 地址         物理地址              类型
  192.168.77.254        00-50-56-f9-eb-0a     动态
  192.168.77.255        ff-ff-ff-ff-ff-ff     静态
  224.0.0.22            01-00-5e-00-00-16     静态
  224.0.0.251           01-00-5e-00-00-fb     静态
  224.0.0.252           01-00-5e-00-00-fc     静态
  239.255.255.250       01-00-5e-7f-ff-fa     静态
  255.255.255.255       ff-ff-ff-ff-ff-ff     静态

接口: 192.168.140.1 --- 0xb
  Internet 地址         物理地址              类型
  192.168.140.254       00-50-56-f6-0a-6c     动态
  192.168.140.255       ff-ff-ff-ff-ff-ff     静态
  224.0.0.22            01-00-5e-00-00-16     静态
  224.0.0.251           01-00-5e-00-00-fb     静态
  224.0.0.252           01-00-5e-00-00-fc     静态
  239.255.255.250       01-00-5e-7f-ff-fa     静态
  255.255.255.255       ff-ff-ff-ff-ff-ff     静态

接口: 192.168.1.4 --- 0x16
  Internet 地址         物理地址              类型
  192.168.1.1           ac-71-0c-1a-ef-88     动态
  192.168.1.142         4c-49-e3-60-df-ba     动态
  192.168.1.255         ff-ff-ff-ff-ff-ff     静态
  224.0.0.22            01-00-5e-00-00-16     静态
  224.0.0.251           01-00-5e-00-00-fb     静态
  224.0.0.252           01-00-5e-00-00-fc     静态
  239.255.255.250       01-00-5e-7f-ff-fa     静态
  255.255.255.255       ff-ff-ff-ff-ff-ff     静态





活动连接

  协议  本地地址          外部地址        状态
  TCP    0.0.0.0:135            0.0.0.0:0              LISTENING
  RpcSs
 [svchost.exe]
  TCP    0.0.0.0:443            0.0.0.0:0              LISTENING
 [vmware-hostd.exe]
  TCP    0.0.0.0:445            0.0.0.0:0              LISTENING
 无法获取所有权信息
  TCP    0.0.0.0:902            0.0.0.0:0              LISTENING
 [vmware-authd.exe]
  TCP    0.0.0.0:912            0.0.0.0:0              LISTENING
 [vmware-authd.exe]
  TCP    0.0.0.0:1309           0.0.0.0:0              LISTENING
 [jtagserver.exe]
  TCP    0.0.0.0:5040           0.0.0.0:0              LISTENING
  CDPSvc
 [svchost.exe]
  TCP    0.0.0.0:5357           0.0.0.0:0              LISTENING
 无法获取所有权信息
  TCP    0.0.0.0:49664          0.0.0.0:0              LISTENING
 [lsass.exe]
  TCP    0.0.0.0:49665          0.0.0.0:0              LISTENING
 无法获取所有权信息
  TCP    0.0.0.0:49666          0.0.0.0:0              LISTENING
  EventLog
 [svchost.exe]
  TCP    0.0.0.0:49667          0.0.0.0:0              LISTENING
  Schedule
 [svchost.exe]
  TCP    0.0.0.0:49668          0.0.0.0:0              LISTENING
 [spoolsv.exe]
  TCP    0.0.0.0:49670          0.0.0.0:0              LISTENING
 无法获取所有权信息
  TCP    127.0.0.1:4301         0.0.0.0:0              LISTENING
 [QQ.exe]
  TCP    127.0.0.1:8307         0.0.0.0:0              LISTENING
 [vmware-hostd.exe]
  TCP    127.0.0.1:10142        0.0.0.0:0              LISTENING
 [SangforPromoteService.exe]
  TCP    127.0.0.1:21440        0.0.0.0:0              LISTENING
 [FlashHelperService.exe]
  TCP    127.0.0.1:21441        0.0.0.0:0              LISTENING
 [FlashHelperService.exe]
  TCP    127.0.0.1:54530        0.0.0.0:0              LISTENING
 [ECAgent.exe]
  TCP    127.0.0.1:54530        127.0.0.1:65211        ESTABLISHED
 [ECAgent.exe]
  TCP    127.0.0.1:61829        0.0.0.0:0              LISTENING
 [WeChatApp.exe]
  TCP    127.0.0.1:65211        127.0.0.1:54530        ESTABLISHED
 [SangforPromoteService.exe]
  TCP    127.0.0.1:65212        127.0.0.1:65213        ESTABLISHED
 [ECAgent.exe]
  TCP    127.0.0.1:65213        127.0.0.1:65212        ESTABLISHED
 [ECAgent.exe]
  TCP    192.168.1.4:139        0.0.0.0:0              LISTENING
 无法获取所有权信息
  TCP    192.168.1.4:49242      104.71.48.73:443       CLOSE_WAIT
 [SearchUI.exe]
  TCP    192.168.1.4:49594      223.119.203.48:80      TIME_WAIT
  TCP    192.168.1.4:49635      112.49.51.31:443       TIME_WAIT
  TCP    192.168.1.4:49651      36.152.44.205:443      ESTABLISHED
 [chrome.exe]
  TCP    192.168.1.4:49678      35.228.14.46:443       ESTABLISHED
 [chrome.exe]
  TCP    192.168.1.4:49679      36.152.2.110:80        CLOSE_WAIT
 [QQ.exe]
  TCP    192.168.1.4:49684      172.217.24.10:443      SYN_SENT
 [chrome.exe]
  TCP    192.168.1.4:49685      172.217.24.10:443      SYN_SENT
 [chrome.exe]
  TCP    192.168.1.4:52459      120.198.203.183:443    CLOSE_WAIT
 [QQ.exe]
  TCP    192.168.1.4:52569      183.232.126.48:443     CLOSE_WAIT
 [QQ.exe]
  TCP    192.168.1.4:54340      112.53.17.106:80       CLOSE_WAIT
 [QQ.exe]
  TCP    192.168.1.4:55638      120.241.179.49:80      CLOSE_WAIT
 [QQ.exe]
  TCP    192.168.1.4:58316      40.90.189.152:443      ESTABLISHED
  WpnService
 [svchost.exe]
  TCP    192.168.1.4:59537      108.177.125.188:5228   ESTABLISHED
 [chrome.exe]
  TCP    192.168.1.4:59887      103.43.90.53:443       CLOSE_WAIT
 [IEXPLORE.EXE]
  TCP    192.168.1.4:59888      103.43.90.53:443       CLOSE_WAIT
 [IEXPLORE.EXE]
  TCP    192.168.1.4:59889      103.43.90.53:80        CLOSE_WAIT
 [IEXPLORE.EXE]
  TCP    192.168.1.4:59904      3.121.238.160:443      CLOSE_WAIT
 [IEXPLORE.EXE]
  TCP    192.168.1.4:59905      3.121.238.160:443      CLOSE_WAIT
 [IEXPLORE.EXE]
  TCP    192.168.1.4:59906      35.213.120.246:443     CLOSE_WAIT
 [IEXPLORE.EXE]
  TCP    192.168.1.4:59907      35.213.120.246:443     CLOSE_WAIT
 [IEXPLORE.EXE]
  TCP    192.168.1.4:59915      85.114.159.118:443     CLOSE_WAIT
 [IEXPLORE.EXE]
  TCP    192.168.1.4:59916      85.114.159.118:443     CLOSE_WAIT
 [IEXPLORE.EXE]
  TCP    192.168.1.4:59917      104.16.13.243:443      ESTABLISHED
 [IEXPLORE.EXE]
  TCP    192.168.1.4:59918      104.16.13.243:443      ESTABLISHED
 [IEXPLORE.EXE]
  TCP    192.168.1.4:59946      38.133.127.95:443      CLOSE_WAIT
 [IEXPLORE.EXE]
  TCP    192.168.1.4:59949      38.133.127.95:443      CLOSE_WAIT
 [IEXPLORE.EXE]
  TCP    192.168.1.4:59969      38.133.127.95:443      CLOSE_WAIT
 [IEXPLORE.EXE]
  TCP    192.168.1.4:59981      38.133.127.95:443      CLOSE_WAIT
 [IEXPLORE.EXE]
  TCP    192.168.1.4:59996      38.133.127.95:443      CLOSE_WAIT
 [IEXPLORE.EXE]
  TCP    192.168.1.4:60002      112.34.111.26:80       CLOSE_WAIT
 [IEXPLORE.EXE]
  TCP    192.168.1.4:60003      112.34.111.26:80       CLOSE_WAIT
 [IEXPLORE.EXE]
  TCP    192.168.1.4:60004      112.34.111.26:80       CLOSE_WAIT
 [IEXPLORE.EXE]
  TCP    192.168.1.4:61770      120.241.21.111:80      ESTABLISHED
 [WeChat.exe]
  TCP    192.168.1.4:61771      120.241.21.110:80      ESTABLISHED
 [WeChat.exe]
  TCP    192.168.1.4:61772      120.241.21.110:80      ESTABLISHED
 [WeChat.exe]
  TCP    192.168.1.4:64282      112.60.13.243:443      CLOSE_WAIT
 [QQ.exe]
  TCP    192.168.1.4:64716      120.241.140.227:443    CLOSE_WAIT
 [QQApp.exe]
  TCP    192.168.77.1:139       0.0.0.0:0              LISTENING
 无法获取所有权信息
  TCP    192.168.140.1:139      0.0.0.0:0              LISTENING
 无法获取所有权信息
  TCP    [::]:135               [::]:0                 LISTENING
  RpcSs
 [svchost.exe]
  TCP    [::]:443               [::]:0                 LISTENING
 [vmware-hostd.exe]
  TCP    [::]:445               [::]:0                 LISTENING
 无法获取所有权信息
  TCP    [::]:5357              [::]:0                 LISTENING
 无法获取所有权信息
  TCP    [::]:49664             [::]:0                 LISTENING
 [lsass.exe]
  TCP    [::]:49665             [::]:0                 LISTENING
 无法获取所有权信息
  TCP    [::]:49666             [::]:0                 LISTENING
  EventLog
 [svchost.exe]
  TCP    [::]:49667             [::]:0                 LISTENING
  Schedule
 [svchost.exe]
  TCP    [::]:49668             [::]:0                 LISTENING
 [spoolsv.exe]
  TCP    [::]:49670             [::]:0                 LISTENING
 无法获取所有权信息
  TCP    [::1]:8307             [::]:0                 LISTENING
 [vmware-hostd.exe]
  TCP    [2409:8a34:2e2c:cca0:b9ac:2b05:d13c:7bad]:49241  [2620:1ec:bdf::254]:443  ESTABLISHED
 [SearchUI.exe]
  TCP    [2409:8a34:2e2c:cca0:b9ac:2b05:d13c:7bad]:49616  [2409:8c34:c00:3::7031:3323]:443  TIME_WAIT
  TCP    [2409:8a34:2e2c:cca0:d1b9:60df:12c0:31d8]:52621  [2409:8c34:4400:6:16::]:443  CLOSE_WAIT
 [QQ.exe]
  UDP    0.0.0.0:500            *:*
  IKEEXT
 [svchost.exe]
  UDP    0.0.0.0:3702           *:*
 [dashost.exe]
  UDP    0.0.0.0:3702           *:*
  FDResPub
 [svchost.exe]
  UDP    0.0.0.0:3702           *:*
  FDResPub
 [svchost.exe]
  UDP    0.0.0.0:3702           *:*
 [dashost.exe]
  UDP    0.0.0.0:4500           *:*
  IKEEXT
 [svchost.exe]
  UDP    0.0.0.0:5050           *:*
  CDPSvc
 [svchost.exe]
  UDP    0.0.0.0:5353           *:*
  Dnscache
 [svchost.exe]
  UDP    0.0.0.0:5353           *:*
 [chrome.exe]
  UDP    0.0.0.0:5353           *:*
 [chrome.exe]
  UDP    0.0.0.0:5353           *:*
 [chrome.exe]
  UDP    0.0.0.0:5353           *:*
 [chrome.exe]
  UDP    0.0.0.0:5353           *:*
 [chrome.exe]
  UDP    0.0.0.0:5353           *:*
 [chrome.exe]
  UDP    0.0.0.0:5353           *:*
 [chrome.exe]
  UDP    0.0.0.0:5353           *:*
 [chrome.exe]
  UDP    0.0.0.0:5353           *:*
 [chrome.exe]
  UDP    0.0.0.0:5353           *:*
 [chrome.exe]
  UDP    0.0.0.0:5353           *:*
 [chrome.exe]
  UDP    0.0.0.0:5353           *:*
 [chrome.exe]
  UDP    0.0.0.0:5355           *:*
  Dnscache
 [svchost.exe]
  UDP    0.0.0.0:54377          *:*
 [QQProtect.exe]
  UDP    0.0.0.0:56297          *:*
 [dashost.exe]
  UDP    0.0.0.0:57089          *:*
  FDResPub
 [svchost.exe]
  UDP    0.0.0.0:58041          *:*
 [QQ.exe]
  UDP    0.0.0.0:58249          *:*
 [QQProtect.exe]
  UDP    0.0.0.0:58341          *:*
 [QQ.exe]
  UDP    0.0.0.0:59618          *:*
 [IEXPLORE.EXE]
  UDP    127.0.0.1:1900         *:*
  SSDPSRV
 [svchost.exe]
  UDP    127.0.0.1:40000        *:*
 [SangforPromoteService.exe]
  UDP    127.0.0.1:57646        *:*
 [QQ.exe]
  UDP    127.0.0.1:57647        *:*
 [QQ.exe]
  UDP    127.0.0.1:57648        *:*
 [QQ.exe]
  UDP    127.0.0.1:57649        *:*
 [QQ.exe]
  UDP    127.0.0.1:57650        *:*
 [QQ.exe]
  UDP    127.0.0.1:57651        *:*
 [QQ.exe]
  UDP    127.0.0.1:58248        *:*
  iphlpsvc
 [svchost.exe]
  UDP    127.0.0.1:59918        *:*
  SSDPSRV
 [svchost.exe]
  UDP    127.0.0.1:60725        *:*
 [QQ.exe]
  UDP    127.0.0.1:60726        *:*
 [QQ.exe]
  UDP    127.0.0.1:60727        *:*
 [QQ.exe]
  UDP    127.0.0.1:60728        *:*
 [QQ.exe]
  UDP    192.168.1.4:137        *:*
 无法获取所有权信息
  UDP    192.168.1.4:138        *:*
 无法获取所有权信息
  UDP    192.168.1.4:1900       *:*
  SSDPSRV
 [svchost.exe]
  UDP    192.168.1.4:2177       *:*
  QWAVE
 [svchost.exe]
  UDP    192.168.1.4:59917      *:*
  SSDPSRV
 [svchost.exe]
  UDP    192.168.77.1:137       *:*
 无法获取所有权信息
  UDP    192.168.77.1:138       *:*
 无法获取所有权信息
  UDP    192.168.77.1:1900      *:*
  SSDPSRV
 [svchost.exe]
  UDP    192.168.77.1:2177      *:*
  QWAVE
 [svchost.exe]
  UDP    192.168.77.1:59915     *:*
  SSDPSRV
 [svchost.exe]
  UDP    192.168.140.1:137      *:*
 无法获取所有权信息
  UDP    192.168.140.1:138      *:*
 无法获取所有权信息
  UDP    192.168.140.1:1900     *:*
  SSDPSRV
 [svchost.exe]
  UDP    192.168.140.1:2177     *:*
  QWAVE
 [svchost.exe]
  UDP    192.168.140.1:59916    *:*
  SSDPSRV
 [svchost.exe]
  UDP    [::]:500               *:*
  IKEEXT
 [svchost.exe]
  UDP    [::]:3702              *:*
  FDResPub
 [svchost.exe]
  UDP    [::]:3702              *:*
 [dashost.exe]
  UDP    [::]:3702              *:*
  FDResPub
 [svchost.exe]
  UDP    [::]:3702              *:*
 [dashost.exe]
  UDP    [::]:4500              *:*
  IKEEXT
 [svchost.exe]
  UDP    [::]:5353              *:*
 [chrome.exe]
  UDP    [::]:5353              *:*
 [chrome.exe]
  UDP    [::]:5353              *:*
 [chrome.exe]
  UDP    [::]:5353              *:*
 [chrome.exe]
  UDP    [::]:5353              *:*
  Dnscache
 [svchost.exe]
  UDP    [::]:5353              *:*
 [chrome.exe]
  UDP    [::]:5353              *:*
 [chrome.exe]
  UDP    [::]:5355              *:*
  Dnscache
 [svchost.exe]
  UDP    [::]:56298             *:*
 [dashost.exe]
  UDP    [::]:57090             *:*
  FDResPub
 [svchost.exe]
  UDP    [::1]:1900             *:*
  SSDPSRV
 [svchost.exe]
  UDP    [::1]:59914            *:*
  SSDPSRV
 [svchost.exe]
  UDP    [2409:8a34:2e2c:cca0:b9ac:2b05:d13c:7bad]:2177  *:*
  QWAVE
 [svchost.exe]
  UDP    [2409:8a34:2e2c:cca0:d1b9:60df:12c0:31d8]:2177  *:*
  QWAVE
 [svchost.exe]
  UDP    [2409:8a34:2e2c:cca0:ed01:3476:33e8:c1b9]:2177  *:*
  QWAVE
 [svchost.exe]
  UDP    [fe80::603b:1e14:4f3:ec62%11]:1900  *:*
  SSDPSRV
 [svchost.exe]
  UDP    [fe80::603b:1e14:4f3:ec62%11]:2177  *:*
  QWAVE
 [svchost.exe]
  UDP    [fe80::603b:1e14:4f3:ec62%11]:59912  *:*
  SSDPSRV
 [svchost.exe]
  UDP    [fe80::9888:ac24:5a7d:248%5]:1900  *:*
  SSDPSRV
 [svchost.exe]
  UDP    [fe80::9888:ac24:5a7d:248%5]:2177  *:*
  QWAVE
 [svchost.exe]
  UDP    [fe80::9888:ac24:5a7d:248%5]:59911  *:*
  SSDPSRV
 [svchost.exe]
  UDP    [fe80::ed01:3476:33e8:c1b9%22]:1900  *:*
  SSDPSRV
 [svchost.exe]
  UDP    [fe80::ed01:3476:33e8:c1b9%22]:2177  *:*
  QWAVE
 [svchost.exe]
  UDP    [fe80::ed01:3476:33e8:c1b9%22]:59913  *:*
  SSDPSRV
 [svchost.exe]



Name                Pid Pri Thd  Hnd   Priv        CPU Time    Elapsed Time
Idle                  0   0   4    0     60   103:42:40.890    43:38:14.246
System                4   8 180 5049    196     0:50:42.796    43:38:14.246
Registry             96   8   4    0  13216     0:00:04.593    43:38:17.265
smss                448  11   3   53   1188     0:00:00.296    43:38:14.239
csrss               696  13  12  831   1904     0:00:11.093    43:38:06.711
wininit             780  13   2  156   1508     0:00:00.078    43:38:06.366
csrss               788  13  16  820   2624     0:02:27.453    43:38:06.360
winlogon            848  13   5  275   2756     0:00:00.531    43:38:06.332
services            920   9   8  786   5604     0:00:42.046    43:38:06.246
lsass               940   9   7 1754   9560     0:00:22.218    43:38:06.210
svchost             516   8   2   86    968     0:00:00.000    43:38:05.972
svchost             540   8  21 1245  13332     0:01:07.578    43:38:05.955
fontdrvhost         720   8   6   32   7252     0:13:10.531    43:38:05.950
fontdrvhost         680   8   6   32   2428     0:00:00.890    43:38:05.950
WUDFHost            772   8   7  306   3344     0:00:03.015    43:38:05.943
svchost            1116   8  13 1463  10256     0:01:39.531    43:38:05.738
svchost            1168   8   6  295   2832     0:00:02.593    43:38:05.683
dwm                1244  13  15 2039 115380     0:40:13.406    43:38:05.471
WUDFHost           1300   8   6  217   1804     0:00:00.031    43:38:05.410
svchost            1408   8   4  256   2632     0:00:01.000    43:38:05.261
svchost            1468   8   3  159   2292     0:00:00.343    43:38:05.213
svchost            1608   8  12  483  16940     0:00:02.968    43:38:05.126
svchost            1636   8   2  158   1848     0:00:00.187    43:38:05.105
svchost            1728   8   5  228   2636     0:01:23.281    43:38:05.033
svchost            1736   8   3  228   3256     0:00:00.531    43:38:05.033
svchost            1756   8   5  170   2008     0:00:00.281    43:38:05.027
svchost            1764   8   3  253   1324     0:00:00.296    43:38:05.026
svchost            1852   8   4  228   2532     0:00:00.781    43:38:05.000
svchost            1872   8   6  172   7084     0:00:13.375    43:38:04.989
svchost            1940   8  11  251   2796     0:00:50.234    43:38:04.955
svchost            2000   8   2  227   2272     0:00:00.281    43:38:04.887
Memory Compression  2016   8  50    0   1620     0:01:06.296    43:38:04.879
svchost            1164   8   5  271   2264     0:00:00.953    43:38:04.834
svchost            1548   8   5  208   6860     0:00:43.718    43:38:04.830
svchost            1700   8  13  408   5604     0:00:20.796    43:38:04.822
svchost            1928   8   3  190   1792     0:00:02.046    43:38:04.819
svchost            2092   8  14  474   8052     0:00:05.390    43:38:04.794
svchost            2108   8   6  164   1896     0:00:02.609    43:38:04.781
svchost            2120   8   4  196   2776     0:00:03.906    43:38:04.778
svchost            2264   8  13  298   4064     0:05:25.468    43:38:04.706
svchost            2408   8   6  302   2804     0:00:07.109    43:38:04.526
svchost            2468   8  11  504   4720     0:07:48.765    43:38:04.397
RtkAudioService64  2548   8   3  167   1780     0:00:00.156    43:38:04.327
svchost            2620   8   8  913   2984     0:00:17.218    43:38:04.246
svchost            2656   8   5  144   1812     0:00:01.156    43:38:04.202
FlashHelperService  2672   8   4  164   3392     0:00:00.093    43:38:04.194
svchost            2684   8  12  383   3068     0:00:03.421    43:38:04.166
svchost            2924   8   5  198   2192     0:00:05.734    43:38:03.762
svchost            2984   8   5  443   4284     0:00:04.265    43:38:03.638
svchost            2580   8  13  505   6512     0:00:12.765    43:38:03.450
svchost            2392   8   4  249   3260     0:00:00.734    43:38:03.388
spoolsv            3104   8   9  544   8420     0:00:06.109    43:38:03.280
svchost            3148   8   5  305   4200     0:00:01.703    43:38:03.216
svchost            3184   8  18  460  13124     0:00:23.375    43:38:03.186
svchost            3224   8   6  190   2068     0:00:00.875    43:38:03.149
wlanext            3372   8   8  343   3616     0:00:01.937    43:38:03.035
conhost            3380   8   4  118   6488     0:00:00.078    43:38:03.022
IntelCpHDCPSvc     3548   8   4  171   1564     0:00:00.031    43:38:02.658
svchost            3556   8   5  657   3816     0:00:04.734    43:38:02.656
svchost            3564   8   8  387   4520     0:00:03.687    43:38:02.655
svchost            3580   8   5  223   2152     0:00:00.125    43:38:02.652
svchost            3588   8  15  690  21788     0:01:22.593    43:38:02.652
svchost            3596   8   3  190   1680     0:00:00.968    43:38:02.649
OfficeClickToRun   3608   8  24  824  30936     0:00:05.984    43:38:02.647
svchost            3624   8  22  397  42728     0:01:28.281    43:38:02.637
EvtEng             3664   8  20  356   5188     0:00:01.453    43:38:02.628
svchost            3692   8   7  278   2820     0:00:12.906    43:38:02.621
Lenovo.Modern.ImController  3728   8  49 1167  40036     0:00:17.515    43:38:02.609
svchost            3768   8  15  465   8548     0:00:17.734    43:38:02.601
IpOverUsbSvc       3804   8   7  313   6852     0:00:00.828    43:38:02.583
svchost            3920   8   6  210   2372     0:00:00.390    43:38:02.520
QQProtect          3952   8  20  403  18708     0:00:04.250    43:38:02.502
svchost            3980   8   2  135   1628     0:00:00.046    43:38:02.493
svchost            3996   8   3  144   1312     0:00:00.078    43:38:02.480
RegSrvc            4012   8   3  180   2052     0:00:00.078    43:38:02.477
SangforPromoteService  4020   8  13  413   7024     0:00:25.484    43:38:02.477
svchost            4028   8   2  167   2356     0:00:00.046    43:38:02.476
vmnetdhcp          4036   8   3   87   7872     0:00:00.093    43:38:02.474
SynTPEnhService    4044   8   6  330   2580     0:00:00.046    43:38:02.474
vmnat              4052   8   5  197   4952     0:00:00.562    43:38:02.471
svchost            4068   8  13  505   4288     0:00:10.562    43:38:02.461
jtagserver         2576   8   4   81  11556     0:00:00.031    43:38:02.451
MsMpEng            3392   8  31 1144 328528     0:16:04.890    43:38:02.448
vmware-authd       3852   8   7  313   9292     0:01:35.593    43:38:02.432
svchost            4132   8   7  428   5192     0:00:01.953    43:38:02.411
vmware-usbarbitrator64  4152   8   4  227   2884     0:00:00.281    43:38:02.398
LenovoVantageService  4184   8  11 1158  32452     0:00:07.453    43:38:02.387
dasHost            4200   8   5 1714   9232     0:00:02.703    43:38:02.375
ZeroConfigService  4216   8  13  336   4784     0:00:02.125    43:38:02.368
svchost            4288   8   3  109   1332     0:00:00.093    43:38:02.344
IntelCpHeciSvc     4512   8   4  136   1436     0:00:00.062    43:38:02.105
svchost            5048   8  14  397   3596     0:00:08.437    43:38:01.362
svchost            3872   8   9  649   2808     0:00:03.453    43:38:00.927
vmware-hostd       5564   8  20  441  35472     0:00:02.750    43:37:59.629
svchost            6180   8   3  127   1556     0:00:00.031    43:37:58.018
unsecapp           6288   8   4  147   1976     0:00:00.531    43:37:57.893
WmiPrvSE           6480   8   6  232   6416     0:00:02.656    43:37:57.755
NisSrv             8136   8   8  197  10628     0:00:14.468    43:37:52.498
dllhost            6896   8   7  206   3492     0:00:00.062    43:37:51.892
SynTPEnh           5204  10  13  770   8696     0:00:26.140    43:37:10.399
sihost             5232   8  13  890  15468     0:00:15.984    43:37:10.255
svchost            8220   8  13  474  11164     0:00:41.593    43:37:10.136
RAVBg64            8240   8   5  320   6052     0:00:03.062    43:37:10.102
svchost            8324   8   6 1723  11172     0:00:20.546    43:37:10.017
taskhostw          8452   8  10  333   8272     0:00:03.796    43:37:09.786
svchost            8832   8   7  264   3652     0:00:12.484    43:37:09.402
svchost            8892   8   4  172   1820     0:00:00.078    43:37:09.359
svchost            8988   8   2  167   1760     0:00:00.078    43:37:09.261
ctfmon             9048  13  12  732  18268     0:01:03.125    43:37:09.197
explorer           8484   8  78 3372 104500     0:05:42.562    43:37:08.492
SynTPHelper        8856  10   2   78   1140     0:00:00.062    43:37:08.134
svchost            8792   8   8  251   4364     0:00:00.781    43:37:08.112
ChsIME             8780   8 140 2186  26044     0:00:35.812    43:37:08.073
svchost            8500   8   3  147   1784     0:00:00.187    43:37:07.940
svchost            9268   8   3  187   2264     0:00:01.625    43:37:07.677
svchost            9300   8  10  436   5684     0:00:02.406    43:37:07.573
TpShocks           9528   8   3  196   2172     0:00:00.140    43:37:07.016
ECAgent            9772   8  12  379   7260     0:00:17.515    43:37:06.645
svchost            9856   8   6  304   3600     0:00:00.515    43:37:06.414
StartMenuExperienceHost  8472   8  10  606  25740     0:00:03.234    43:37:04.588
RuntimeBroker      9768   8   4  305   6028     0:00:00.609    43:37:04.431
PowerMgr           8560   6  11  402   4268     0:00:16.781    43:37:04.294
GoogleCrashHandler  8556   4   5  181   1876     0:00:00.109    43:37:04.184
SearchUI           8900   8  55 2032 139668     0:00:18.812    43:37:03.859
RuntimeBroker      1308   8  15  710  12484     0:00:07.250    43:37:03.467
GoogleCrashHandler64 10228   4   4  160   1732     0:00:00.046    43:37:03.210
SearchIndexer      2860   8  18  820  42228     0:04:13.734    43:37:02.762
SettingSyncHost    2600   6   7  606  15836     0:00:34.968    43:37:02.716
LockApp            4396   8  10  540  13520     0:00:04.453    43:37:01.772
svchost           10244   8   8  311   3868     0:00:01.125    43:37:01.697
RuntimeBroker     10284   8   5  591   9028     0:00:13.687    43:37:01.600
svchost           10752   8   5  192   2232     0:00:01.500    43:37:00.221
igfxext           10268   8   4  147   2724     0:00:00.156    43:36:55.698
SecurityHealthSystray  8272   8   3  153   1840     0:00:00.125    43:36:52.137
SecurityHealthService  6032   8   9  415   4216     0:00:00.656    43:36:52.071
QQ                12088   8  90 1885 222104     0:05:48.578    43:36:44.622
RAVBg64           11740   6   6  315   6124     0:00:16.812    43:36:39.330
RAVCpl64           3960   6   8  366   4740     0:00:09.859    43:36:39.139
Lenovo.Modern.ImController.PluginHost.CompanionApp 11836   8  20 1752  48200     0:04:43.218    43:36:36.268
svchost            2180   8  10  245   3160     0:00:00.328    43:36:24.187
svchost            9288   8   3  255   4952     0:00:01.046    43:36:01.222
aesm_service       1268   8   3  194   2880     0:00:00.250    43:35:45.976
DolbyDAX2API       1264   8   9  382  27484     0:00:02.406    43:35:45.516
LMS                4424   8   5  285   3580     0:00:00.453    43:35:45.378
SgrmBroker         8316   8   5   89   3372     0:00:00.812    43:35:45.018
svchost           10640   8   8  229   2604     0:00:00.343    43:35:44.570
svchost           11984   8   2  250   2908     0:00:00.125    43:35:44.421
Lenovo.Modern.ImController.PluginHost.Device   700   8  14  523  26720     0:00:06.703    43:32:07.550
svchost           10656   8   3  233   2868     0:00:01.718    43:27:23.686
SecurityHealthHost  5244   8   2  188   2308     0:00:00.093    41:33:33.614
ShellExperienceHost  6448   8  24  945  37620     0:00:11.406    41:33:33.453
RuntimeBroker      7004   8  14  522   7464     0:00:02.390    41:33:33.352
svchost            1564   8   4  272   2576     0:00:00.328    34:58:35.038
WindowsInternal.ComposableShell.Experiences.TextInput.InputApp  7452   8  17  687  13280     0:00:14.562    34:58:26.454
RuntimeBroker     11800   8   2  109   1336     0:00:00.015    34:58:26.237
dllhost            9424   8   7  243   5352     0:00:00.343    34:58:21.503
ApplicationFrameHost 10548   8   9  443  12508     0:00:07.500    34:58:20.270
svchost           10748   8   7  228   2496     0:00:00.859    34:57:51.720
svchost            6612   8   3  142   1700     0:00:00.078    34:57:48.871
svchost            1692   8   6  277   2976     0:00:00.828    34:57:48.710
rundll32           9068   8   2  127   2436     0:00:00.937    34:56:25.743
YourPhone         11284   8  15  544  15092     0:00:00.750    33:08:55.601
RuntimeBroker     11752   8   3  211   2892     0:00:00.500    32:44:50.981
SystemSettingsBroker 12152   8  13  498   8040     0:00:09.984    32:43:54.041
svchost            5624   8   3  189   2292     0:00:01.140    32:43:50.759
svchost            2244   8   4  240   2852     0:00:00.359    32:43:50.756
TXPlatform          568   8   2  141   1408     0:00:00.046    30:08:09.706
wemeetlauncher    12744   8   9  271   9724     0:00:00.312    30:05:57.302
svchost           12632   8   5  193   6296     0:00:00.093    27:43:45.439
CompPkgSrv        13016   8   2  161   1584     0:00:00.046    26:18:45.969
RuntimeBroker     11400   8   2  379   6492     0:00:02.875    26:18:45.852
svchost            2104   8   3  220   2260     0:00:00.218    25:49:36.333
SpeechRuntime      5260   6  18  665  25864     0:00:03.078    25:23:23.823
audiodg           10132   8  10  590  17092     0:20:04.781    21:35:33.530
RuntimeBroker       276   8   7  521  10656     0:00:07.468    11:25:20.799
Lenovo.Modern.ImController.PluginHost.SettingsApp 15712   8  18  562  31376     0:00:03.812    11:20:43.583
chrome            15548   8  35 1604  92752     0:01:34.515     9:20:47.045
chrome            11232   8   7  189   1672     0:00:00.062     9:20:46.893
chrome            10312   8   3  136   1980     0:00:00.046     9:20:46.828
chrome            13192  10  13 1111 215996     0:03:09.328     9:20:46.726
chrome             7396   8  14  493  28608     0:00:26.140     9:20:46.720
chrome             9704   8   9  270   6868     0:00:00.265     9:08:53.626
svchost           11136   8   5  183   2876     0:00:00.078     9:08:53.239
chrome             8028   8  16  350  79224     0:01:12.390     9:08:12.663
iexplore          15856   8  15  762  16280     0:00:02.843     8:59:42.527
iexplore           7628   8  26  958  84316     0:00:09.515     8:59:42.329
chrome            13896   4  14  341  55112     0:00:04.453     8:58:56.613
chrome             6704   4  14  288  54680     0:00:04.875     8:56:18.610
chrome            15128   4  14  348  33500     0:00:03.875     8:55:44.327
chrome            13992   4  14  271  25936     0:00:02.140     8:55:42.536
chrome             7236   4  19  340  66124     0:00:22.093     6:25:24.186
WeChat             1540   8  37  734  74836     0:00:01.859     6:00:39.340
WeChat            16088   8  47 1190 109268     0:00:20.609     6:00:38.177
WeChat             1232   8  37  727  74208     0:00:01.890     6:00:37.627
WeChatWeb          6768   8   6  341  54412     0:00:00.296     6:00:34.288
WeChatWeb         10412   8   6  341  54404     0:00:00.343     6:00:34.288
WeChatWeb          8744   8   6  427  48932     0:00:01.359     6:00:34.288
WeChatWeb          9296   8  20  420  50904     0:00:07.109     6:00:15.310
WeChatApp         14580   8  48  820 150564     0:00:03.250     6:00:11.126
smartscreen       15320   8  11  420  17284     0:00:00.453     5:25:28.983
WINWORD            5004   8  22 1234 143320     0:00:29.890     5:25:28.880
RuntimeBroker     12052   8   4  410   9344     0:00:01.687     5:21:27.365
QQApp              2756   8  19  284  13636     0:00:00.343     2:17:03.176
MicrosoftEdge     14404   8  34  893  23780     0:00:00.734     2:04:37.526
browser_broker    12544   8   3  137   1628     0:00:00.031     2:04:37.431
MicrosoftEdgeSH   13248   8   9  264   3848     0:00:00.062     2:04:37.265
MicrosoftEdgeCP    5324   8  17  492   5896     0:00:00.093     2:04:37.226
Video.UI          11308   8  32 1395 137276     0:02:33.312     1:03:55.096
SndVol             9040   8   5  283   3984     0:00:01.453     1:03:47.453
chrome             2896   4  14  295  37640     0:01:38.000     0:52:43.803
svchost           11808   8   2  105   1228     0:00:00.000     0:51:42.970
ChsIME             8652   8   3  303   6232     0:00:00.203     0:49:05.554
cmd                6580   8   2   77   3484     0:00:00.093     0:48:37.414
conhost           12380   8  11  339  17260     0:00:14.109     0:48:37.394
notepad           15520   8   4  304   4168     0:00:02.546     0:37:19.438
svchost            5948   8  12  512   9984     0:00:00.421     0:16:13.663
chrome            13424   4  15  276  39640     0:00:02.078     0:04:34.704
chrome             9656   4  12  211  12220     0:00:00.078     0:03:39.291
WmiPrvSE          13060   8   6  199   2812     0:00:00.031     0:02:46.187
pslist            14064  13   4  242   3784     0:00:00.281     0:00:00.149
